// Jest Snapshot v1, https://goo.gl/fbAQLP

exports[`App sanity 1`] = `
<DocumentFragment>
  <div
    class="fade-in loading"
  >
    <div
      class="view"
    >
      <nav>
        <ul>
          <li>
            <a
              aria-current="page"
              class="active"
              href="/"
            >
              Home
            </a>
          </li>
          <li>
            <a
              class=""
              href="/dashboard"
            >
              Dashboard
            </a>
          </li>
          <li>
            <a
              class=""
              href="/users"
            >
              Users
            </a>
          </li>
        </ul>
      </nav>
    </div>
  </div>
</DocumentFragment>
`;
